<html>
<body>
<pre>
<h1>µVision Build Log</h1>
<h2>Tool Versions:</h2>
IDE-Version: µVision V5.29.0.0
Copyright (C) 2019 ARM Ltd and ARM Germany GmbH. All rights reserved.
License Information: mete sepetc, gebze, LIC=Z3C6R-KCQW3-VJD6J-USLU9-X9RMS-9HGYU
 
Tool Versions:
Toolchain:       MDK-ARM Professional  Version: 5.29.0.0
Toolchain Path:  C:\Keil_v5\ARM\ARMCC\Bin
C Compiler:      Armcc.exe V5.06 update 6 (build 750)
Assembler:       Armasm.exe V5.06 update 6 (build 750)
Linker/Locator:  ArmLink.exe V5.06 update 6 (build 750)
Library Manager: ArmAr.exe V5.06 update 6 (build 750)
Hex Converter:   FromElf.exe V5.06 update 6 (build 750)
CPU DLL:         SARMCM3.DLL V5.29.0.0
Dialog DLL:      DCM.DLL V1.17.3.0
Target DLL:      STLink\ST-LINKIII-KEIL_SWO.dll V3.0.7.0
Dialog DLL:      TCM.DLL V1.36.5.0
 
<h2>Project:</h2>
C:\Users\metes\OneDrive\Belgeler\Keil_Calismalar\EthTCP_STM32F7\EthTCP_STM32F7.uvprojx
Project File Date:  03/09/2024

<h2>Output:</h2>
*** Using Compiler 'V5.06 update 6 (build 750)', folder: 'C:\Keil_v5\ARM\ARMCC\Bin'
Build target 'Target'
compiling thread.c...
linking...
Program Size: Code=47092 RO-data=3500 RW-data=8000 ZI-data=28904  
".\Objects\EthTCP_STM32F7.axf" - 0 Error(s), 0 Warning(s).

<h2>Software Packages used:</h2>

Package Vendor: ARM
                http://www.keil.com/pack/ARM.CMSIS.5.6.0.pack
                ARM.CMSIS.5.6.0
                CMSIS (Cortex Microcontroller Software Interface Standard)
   * Component: Ethernet MAC Version: 2.1.0
   * Component: Ethernet PHY Version: 2.1.0
   * Component: RTOS2 Version: 2.1.3
   * Component: CORE Version: 5.3.0
   * Component: Keil RTX5 Variant: Library Version: 5.5.1

Package Vendor: ARM
                http://www.keil.com/pack/ARM.CMSIS-Driver.2.4.1.pack
                ARM.CMSIS-Driver.2.4.1
                CMSIS Drivers for external devices
   * Component: LAN8742A Version: 1.3.0

Package Vendor: Keil
                http://www.keil.com/pack/Keil.ARM_Compiler.1.6.2.pack
                Keil.ARM_Compiler.1.6.2
                Keil ARM Compiler extensions for ARM Compiler 5 and ARM Compiler 6
   * Component: Event Recorder Variant: DAP Version: 1.4.0

Package Vendor: Keil
                http://www.keil.com/pack/Keil.MDK-Middleware.7.10.0.pack
                Keil.MDK-Middleware.7.10.0
                Middleware for Keil MDK-Professional and MDK-Plus
   * Component: CORE Variant: IPv4 Release Version: 7.12.0
   * Component: ETH Version: 7.12.0
   * Component: Web Server Compact Variant: HTTP Version: 7.12.0
   * Component: BSD Version: 7.12.0
   * Component: TCP Version: 7.12.0
   * Component: UDP Version: 7.12.0

Package Vendor: Keil
                https://www.keil.com/pack/Keil.STM32F7xx_DFP.2.16.0.pack
                Keil.STM32F7xx_DFP.2.16.0
                STMicroelectronics STM32F7 Series Device Support, Drivers and Examples
   * Component: STM32Cube Framework Version: 1.0.0
   * Component: Ethernet MAC Version: 1.12.0
   * Component: Classic Version: 1.3.0
   * Component: ADC Version: 1.3.0
   * Component: Common Version: 1.3.0
   * Component: Cortex Version: 1.3.0
   * Component: DMA Version: 1.3.0
   * Component: Flash Version: 1.3.0
   * Component: GPIO Version: 1.3.0
   * Component: PWR Version: 1.3.0
   * Component: RCC Version: 1.3.0
   * Component: SDRAM Version: 1.3.0
   * Component: TIM Version: 1.3.0
   * Component: UART Version: 1.3.0
   * Component: USART Version: 1.3.0
   * Component: Startup Version: 1.2.5

<h2>Collection of Component include folders:</h2>
  .\RTE\CMSIS
  .\RTE\Compiler
  .\RTE\Device\STM32F745ZGTx
  .\RTE\Network
  .\RTE\_Target
  C:\Users\metes\OneDrive\Belgeler\AppData\Local\Arm\Packs\ARM\CMSIS\5.6.0\CMSIS\Core\Include
  C:\Users\metes\OneDrive\Belgeler\AppData\Local\Arm\Packs\ARM\CMSIS\5.6.0\CMSIS\Driver\Include
  C:\Users\metes\OneDrive\Belgeler\AppData\Local\Arm\Packs\ARM\CMSIS\5.6.0\CMSIS\RTOS2\Include
  C:\Users\metes\OneDrive\Belgeler\AppData\Local\Arm\Packs\ARM\CMSIS\5.6.0\CMSIS\RTOS2\RTX\Include
  C:\Users\metes\OneDrive\Belgeler\AppData\Local\Arm\Packs\Keil\ARM_Compiler\1.6.2\Include
  C:\Users\metes\OneDrive\Belgeler\AppData\Local\Arm\Packs\Keil\MDK-Middleware\7.10.0\Network\Include
  C:\Users\metes\OneDrive\Belgeler\AppData\Local\Arm\Packs\Keil\STM32F7xx_DFP\2.16.0\Drivers\CMSIS\Device\ST\STM32F7xx\Include
  C:\Users\metes\OneDrive\Belgeler\AppData\Local\Arm\Packs\Keil\STM32F7xx_DFP\2.16.0\Drivers\STM32F7xx_HAL_Driver\Inc

<h2>Collection of Component Files used:</h2>

   * Component: ::CMSIS Driver:Ethernet MAC:2.1.0 (API)
      Include file:  CMSIS\Driver\Include\Driver_ETH_MAC.h

   * Component: ::CMSIS Driver:Ethernet PHY:2.1.0 (API)
      Include file:  CMSIS\Driver\Include\Driver_ETH_PHY.h

   * Component: ::CMSIS:RTOS2:2.1.3 (API)
      Include file:  CMSIS\RTOS2\Include\cmsis_os2.h

   * Component: ::Device:STM32Cube Framework:1.0.0 (API)

   * Component: ARM::CMSIS:CORE:5.3.0

   * Component: ARM::CMSIS:RTOS2:Keil RTX5:Library:5.5.1
      Source file:   CMSIS\RTOS2\RTX\Template\Events.c
      Include file:  CMSIS\RTOS2\RTX\Config\RTX_Config.h
      Source file:   CMSIS\RTOS2\RTX\Config\RTX_Config.c
      Source file:   CMSIS\RTOS2\RTX\Template\main.c
      Source file:   CMSIS\RTOS2\RTX\Template\MsgQueue.c
      Source file:   CMSIS\RTOS2\RTX\Template\Mutex.c
      Source file:   CMSIS\RTOS2\RTX\Template\svc_user.c
      Source file:   CMSIS\RTOS2\RTX\Template\Thread.c
      Include file:  CMSIS\RTOS2\RTX\Include\rtx_os.h
      Source file:   CMSIS\RTOS2\RTX\Template\Timer.c
      Source file:   CMSIS\RTOS2\RTX\Template\MemPool.c
      Source file:   CMSIS\RTOS2\RTX\Template\Semaphore.c
      Library file:  CMSIS\RTOS2\RTX\Library\ARM\RTX_CM4F.lib
      Source file:   CMSIS\RTOS2\RTX\Source\rtx_lib.c

   * Component: Keil.ARM Compiler::Compiler:Event Recorder:DAP:1.4.0
      Include file:  Include\EventRecorder.h
      Source file:   Source\EventRecorder.c
      Include file:  Config\EventRecorderConf.h

   * Component: Keil.MDK-Plus::Network:CORE:IPv4 Release:7.12.0
      Library file:  Network\Lib\ARM\Net4_CM3_L.lib
      Source file:   Network\Config\Net_Config.c
      Include file:  Network\Include\rl_net.h

   * Component: Keil.MDK-Plus::Network:Interface:ETH:7.12.0
      Include file:  Network\Config\Net_Config_ETH.h

   * Component: Keil.MDK-Plus::Network:Service:Web Server Compact:HTTP:7.12.0
      Source file:   Network\Template\HTTP_Server_Access.c
      Include file:  Network\Config\Net_Config_HTTP_Server.h
      Source file:   Network\Template\HTTP_Server_Multiuser.c
      Source file:   Network\Template\HTTP_Server_CGI.c
      Source file:   Network\Template\HTTP_Server_Error.c

   * Component: Keil.MDK-Plus::Network:Socket:BSD:7.12.0
      Include file:  Network\Config\Net_Config_BSD.h

   * Component: Keil.MDK-Plus::Network:Socket:TCP:7.12.0
      Source file:   Network\Template\TCP_Socket_Client.c
      Source file:   Network\Template\TCP_Socket_Server.c
      Include file:  Network\Config\Net_Config_TCP.h

   * Component: Keil.MDK-Plus::Network:Socket:UDP:7.12.0
      Include file:  Network\Config\Net_Config_UDP.h
      Source file:   Network\Template\UDP_Socket.c

   * Component: Keil::CMSIS Driver:Ethernet MAC:1.12.0
      Source file:   CMSIS\Driver\EMAC_STM32F7xx.c

   * Component: Keil::CMSIS Driver:Ethernet PHY:LAN8742A:1.3.0
      Source file:   ETH\PHY_LAN8742A.c

   * Component: Keil::Device:STM32Cube Framework:Classic:1.3.0
      Include file:  CMSIS\Driver\Config\RTE_Device.h
      Include file:  MDK\Templates\Inc\main.h
      Include file:  MDK\Templates\Inc\stm32f7xx_it.h
      Source file:   MDK\Templates_LL\Src\main.c
      Include file:  MDK\Templates\Inc\stm32f7xx_hal_conf.h
      Source file:   MDK\Templates\Src\stm32f7xx_hal_msp.c
      Include file:  MDK\Templates_LL\Inc\main.h
      Source file:   MDK\Templates\Src\stm32f7xx_it.c
      Source file:   MDK\Templates\Src\main.c

   * Component: Keil::Device:STM32Cube HAL:ADC:1.3.0
      Source file:   Drivers\STM32F7xx_HAL_Driver\Src\stm32f7xx_hal_adc_ex.c
      Source file:   Drivers\STM32F7xx_HAL_Driver\Src\stm32f7xx_hal_adc.c

   * Component: Keil::Device:STM32Cube HAL:Common:1.3.0
      Source file:   Drivers\STM32F7xx_HAL_Driver\Src\stm32f7xx_hal.c
      Include file:  Drivers\STM32F7xx_HAL_Driver\Inc\stm32f7xx_hal.h

   * Component: Keil::Device:STM32Cube HAL:Cortex:1.3.0
      Source file:   Drivers\STM32F7xx_HAL_Driver\Src\stm32f7xx_hal_cortex.c

   * Component: Keil::Device:STM32Cube HAL:DMA:1.3.0
      Source file:   Drivers\STM32F7xx_HAL_Driver\Src\stm32f7xx_hal_dma_ex.c
      Source file:   Drivers\STM32F7xx_HAL_Driver\Src\stm32f7xx_hal_dma.c

   * Component: Keil::Device:STM32Cube HAL:Flash:1.3.0
      Source file:   Drivers\STM32F7xx_HAL_Driver\Src\stm32f7xx_hal_flash_ex.c
      Source file:   Drivers\STM32F7xx_HAL_Driver\Src\stm32f7xx_hal_flash.c

   * Component: Keil::Device:STM32Cube HAL:GPIO:1.3.0
      Source file:   Drivers\STM32F7xx_HAL_Driver\Src\stm32f7xx_hal_gpio.c

   * Component: Keil::Device:STM32Cube HAL:PWR:1.3.0
      Source file:   Drivers\STM32F7xx_HAL_Driver\Src\stm32f7xx_hal_pwr_ex.c
      Source file:   Drivers\STM32F7xx_HAL_Driver\Src\stm32f7xx_hal_pwr.c

   * Component: Keil::Device:STM32Cube HAL:RCC:1.3.0
      Source file:   Drivers\STM32F7xx_HAL_Driver\Src\stm32f7xx_hal_rcc.c
      Source file:   Drivers\STM32F7xx_HAL_Driver\Src\stm32f7xx_hal_rcc_ex.c

   * Component: Keil::Device:STM32Cube HAL:SDRAM:1.3.0
      Source file:   Drivers\STM32F7xx_HAL_Driver\Src\stm32f7xx_hal_sdram.c
      Source file:   Drivers\STM32F7xx_HAL_Driver\Src\stm32f7xx_ll_fmc.c

   * Component: Keil::Device:STM32Cube HAL:TIM:1.3.0
      Source file:   Drivers\STM32F7xx_HAL_Driver\Src\stm32f7xx_hal_tim.c
      Source file:   Drivers\STM32F7xx_HAL_Driver\Src\stm32f7xx_hal_tim_ex.c

   * Component: Keil::Device:STM32Cube HAL:UART:1.3.0
      Source file:   Drivers\STM32F7xx_HAL_Driver\Src\stm32f7xx_hal_uart.c
      Source file:   Drivers\STM32F7xx_HAL_Driver\Src\stm32f7xx_hal_uart_ex.c

   * Component: Keil::Device:STM32Cube HAL:USART:1.3.0
      Source file:   Drivers\STM32F7xx_HAL_Driver\Src\stm32f7xx_hal_usart.c

   * Component: Keil::Device:Startup:1.2.5
      Include file:  Drivers\CMSIS\Device\ST\STM32F7xx\Include\stm32f7xx.h
      Source file:   MDK\Device\Source\ARM\STM32F74x_75x_OPT.s
      Source file:   Drivers\CMSIS\Device\ST\STM32F7xx\Source\Templates\arm\startup_stm32f745xx.s
      Source file:   MDK\Device\Source\ARM\STM32F74x_75x_OTP.s
      Source file:   Drivers\CMSIS\Device\ST\STM32F7xx\Source\Templates\system_stm32f7xx.c
Build Time Elapsed:  00:00:02
</pre>
</body>
</html>
